2022-06-16 16:30:43       Code 0      Message Can't open C:\xampp\htdocs\swag/tmp/order_details.xls. It may be in use or protected.
2022-06-16 16:33:06       Code 0      Message Can't open order_details.xls. It may be in use or protected.
2022-06-16 16:40:36       Code 0      Message Can't open order_details.xls. It may be in use or protected.
